DBMS Learning

//Query to display tables in different schema with their name

 select table_name from information_schema.tables where table_schema = 'person';

//Query to display all the schema

SELECT schema_name from information_schema.schemata;

//create table user in public schema
 CREATE TABLE users (user_id INT, name VARCHAR(30), email VARCHAR(40), contact_no VARCHAR(20));

//creating comment to the tables

adventureworks=# COMMENT ON TABLE users IS 'This table contain the data of all users';

// creating comments to the individual columns 

adventureworks=# COMMENT ON COLUMN users.user_id IS 'User id of individual users';
adventureworks=# COMMENT ON COLUMN users.email IS 'User email id ';

// display the entire information of the table with comments

\d+ users

// Adding primary Key to users
adventureworks=# ALTER TABLE users ADD CONSTRAINT pk_user_id PRIMARY KEY (user_id);

// Adding constraint

adventureworks=# ALTER TABLE users ADD CONSTRAINT uk_email unique(email);

// inserting values in table users

adventureworks=# insert Into users values ( 1, 'Dhanush', 'dhanush@gmail.com', 9876442341), ( 2, 'Siva' , 'siva@gmail.com', 9876543210);

// Altering table by adding new coloumns
adventureworks=# ALTER TABLE users ADD COLUMN email_id INT;

//Filtering the data 
adventureworks=# SELECT * FROM person.vadditionalcontactinfo WHERE businessentityid BETWEEN 1 AND 15;

//wildcard search pattern
adventureworks=# SELECT firstname||' '||middlename||' '||lastname as name from person.person WHERE firstname LIKE 'A%';
adventureworks=# SELECT firstname||' '||middlename||' '||lastname as name from person.person WHERE firstname LIKE '__h%';

// Functions
adventureworks=# SELECT LENGTH(NAME) FROM users WHERE user_id = 1;
adventureworks=# SELECT UPPER(NAME) FROM USERS;
adventureworks=# SELECT LOWER(NAME) FROM USERS;
adventureworks=# SELECT * FROM person.person where DATE_PART('year', modifieddate) = 2024;

//Aggregate functions
// To display total users 
adventureworks=# select max(orderqty) as Max_order_qty from purchasing.purchaseorderdetail;
adventureworks=# select sum(orderqty) as total_qty from purchasing.purchaseorderdetail;
adventureworks=# select avg(orderqty) as avg_total_qty from purchasing.purchaseorderdetail;
adventureworks=# select count(orderqty) as total_qty from purchasing.purchaseorderdetail;

//Group by  used to group the set of date based on due
adventureworks=# SELECT duedate, count(orderqty) as totalqty FROM purchasing.purchaseorderdetail group by duedate ;

//used having clause to find the number of people having high due date
adventureworks=# SELECT duedate, count(orderqty) as totalqty FROM purchasing.purchaseorderdetail group by duedate having count(orderqty) > 50 order by totalqty;

// Finding the vendor using subquery who purchase more than the max quantity
adventureworks=# SELECT businessentityid FROM purchasing.productvendor where maxorderqty > ( select max(orderqty) as Max_order_qty from purchasing.purchaseorderdetail);

// subquery find the order based on data between 01-01-2024 to 01 - 01 - 2025
adventureworks=# SELECT * FROM purchasing.purchaseorderdetail where duedate in (Select orderdate from purchasing.Purchaseorderheader where orderdate between '2024-01-01' AND '2025-01-01');


----- 05/05/2025 ------
// Select based subquery to get data of single column  and single row in the output
adventureworks=# select firstname , (select max(sickleavehours) from humanresources.employee) as leave from humanresources.vemployee;

//Select based on the where condition of another tables
adventureworks=# SELECT firstname||' '||middlename||' '||lastname as name FROM humanresources.vemployee where firstname IS NOT NULL AND businessentityid in (select businessentityId from humanresources.vemployeedepartment where department = 'Marketing');

//correlated sub query 
 select businessentityid , sickleavehours from humanresources.employee e1 where sickleavehours < (select avg(sickleavehours) from humanresources.employee e2 where e1.jobtitle = e2.jobtitle);

//select based on the from condition of employee who taken less than 50 hours sick leave
SELECT businessentityid from (SELECT businessentityid, sickleavehours from humanresources.employee where businessentityid between 1 AND 12) where sickleavehours < 50;

//Constraints
// NOT NULL
adventureworks=# ALTER TABLE users ALTER COLUMN user_id SET NOT NULL;
// error 
adventureworks=# INSERT INTO users (name, email, contact_no, businessentityid,age) VALUES ('kavin' , 'kavin@gmail.com', 9832421133, 4, 19);
ERROR:  null value in column "user_id" of relation "users" violates not-null constraint

//Unique for all user id 
adventureworks=# ALTER TABLE users ADD CONSTRAINT uk_user_id UNIQUE(user_id);

//Primary key for user_id
adventureworks=# ALTER TABLE users ADD CONSTRAINT pk_user_id PRIMARY KEY (user_id);

//Foreign key to businessentity of person to users
adventureworks=# ALTER TABLE users ADD CONSTRAINT fk_to_businessentityid FOREIGN KEY (businessentityid) REFERENCES Person.BusinessEntity(businessentityid);

// check constraint to add the condition of inserting age of user is above 18
adventureworks=# ALTER TABLE users ADD CONSTRAINT ck_age CHECK( age > 18);
// error for check constraint
adventureworks=# INSERT INTO users VALUES (5, 'kavin' , 'kavin@gmail.com', 9832421133, 4, 1);
ERROR:  new row for relation "users" violates check constraint "ck_age"

//To list the schema with their table names 
adventureworks=# select table_schema, table_name from information_schema.tables where table_schema != 'pg_catalog' AND table_schema != 'information_schema' order by table_schema;

//Joins 
//inner joins to find the name and email address of sales person
adventureworks=# SELECT e.firstname||' '||e.middlename||' '||e.lastname as name,e.emailaddress from sales.salesperson s inner join humanresources.vemployee 

//Join to connect the product and sales schema to get the orderdetails
adventureworks=# Select p.name, s.orderqty, (s.orderqty * s.unitprice) as amount FROM sales.salesorderdetail s join production.product p on p.productid = s.productid;

//Left join get the customer order details
adventureworks=# SELECT c.customerid,s.status,  s.salespersonid FROM sales.customer c left join sales.salesorderheader s on c.customerid = s.customerid;

//right join to get the count of customer attended by sales person;
adventureworks=# SELECT count(c.customerid) as count, s.salespersonid FROM sales.customer c right join sales.salesorderheader s on c.customerid = s.customerid where s.salespersonid is not null group by s.salespersonid order by count ;

//Full join to get all the product and its order qty
adventureworks=# Select p.name , o.orderqty from production.product p full join purchasing.purchaseorderdetail o on p.productid = o.productid;
//finding the email of all person based on businessentityid
adventureworks=# SELECT p.businessentityid , p.firstname , p.lastname , e.emailaddress FROM person.person p FULL JOIN person.emailaddress e on p.businessent

// self join  to find the common city person list 
adventureworks=# select a.firstname, b.firstname, a.city from humanresources.vemployee a, humanresources.vemployee b where a.businessentityid != b.businesse

//CTE - common table expression
adventureworks=# WITH employeedepartment AS (select e.businessentityid , e.jobtitle , edh.departmentid , d.name as department_name from humanresources.employee e inner join humanresources.employeedepartmenthistory edh on e.businessentityid = edh.businessentityid Join humanresources.department d on d.departmentid = edh.departmentid)
adventureworks-# select * from employeedepartment;

//cte for averge sickleavehours
adventureworks=# with avgleave(leave) as (select cast (avg(sickleavehours) as int )from humanresources.employee)
adventureworks-# select e.businessentityid, e.sickleavehours, c.leave from humanresources.employee e , avgleave c where sickleavehours < leave;

adventureworks=# WITH RECURSIVE number as (select 1 as n union select n + 1 from number where n < 10)
adventureworks-# select * from number;

--------06/05/2025 ---------

//window function 

//over function
adventureworks=# select e.businessentityid,e.saleslastyear, max(saleslastyear) over() from sales.salesperson e;

//partition by the territory id
adventureworks=# select e.businessentityid,e.saleslastyear, max(saleslastyear) over(partition by territoryid) from sales.salesperson e;

// order by the same territory id 
adventureworks=# select e.businessentityid,e.saleslastyear, max(saleslastyear) over(partition by territoryid order by territoryid) from sales.salesperson e;

// Territory maximum person of the job take sick leave compared with all others
adventureworks=# SELECT businessentityid , sickleavehours , max(sickleavehours) over(PARTITION BY jobtitle order by businessentityid) as maxleave from humanresources.employee;

//Join two table and using of the window functions
adventureworks=# SELECT person.person.businessentityid,  person.person.firstname , sales.salesperson.bonus , max(sales.salesperson.bonus) over(partition by territoryid order by firstname) from person.person inner join sales.salesperson on sales.salesperson.businessentityid = person.person.businessentityid ;

// row numbering to add the row numbers for all the salesperson
adventureworks=# SELECT person.person.businessentityid,  person.person.firstname , sales.salesperson.bonus , Row_number() over(partition by territoryid) from person.person inner join sales.salesperson on sales.salesperson.businessentityid = person.person.businessentityid ;

// Ranking function to add the rank based on the their bonus
//without orderby 
adventureworks=# SELECT person.person.businessentityid,  person.person.firstname , sales.salesperson.bonus , RANK() over(partition by territoryid) from person.person inner join sales.salesperson on sales.salesperson.businessentityid = person.person.businessentityid ;

// with orderby 
adventureworks=# SELECT person.person.businessentityid,  person.person.firstname , sales.salesperson.bonus , RANK() over(partition by territoryid order by bonus desc) from person.person inner join sales.salesperson on sales.salesperson.businessentityid = person.person.businessentityid ;

// dense ranking to avoid ranking gap like 1, 2,2,4 to 1, 2, 2, 3
adventureworks=# SELECT person.person.businessentityid,  person.person.firstname , sales.salesperson.bonus , RANK() over(partition by territoryid order by bonus desc) ,Dense_RANK() over(partition by territoryid order by bonus desc) from person.person inner join sales.salesperson on sales.salesperson.businessentityid = person.person.businessentityid ;

// lag function to get the previous data value of current table
adventureworks=# SELECT person.person.businessentityid,  person.person.firstname , sales.salesperson.bonus , lag(bonus) over(partition by territoryid order by firstname) from person.person inner join sales.salesperson on sales.salesperson.businessentityid = person.person.businessentityid ;

//lead function to get the next data value
adventureworks=# SELECT person.person.businessentityid,  person.person.firstname , sales.salesperson.bonus , lead(bonus) over(partition by territoryid order by firstname) from person.person inner join sales.salesperson on sales.salesperson.businessentityid = person.person.businessentityid ;

// Aggregate function of sum in window function
adventureworks=# select * , sum(bonus) over(partition by territoryid) from sales.salesperson;

// count function in window function
adventureworks=# SELECT firstname , count(businessentityid) over(PARTITION BY persontype) FROM person.person;

// DCL commands for grant access
adventureworks=# GRANT ALL ON SCHEMA person to postgres;

//schema level grant commands
adventureworks=# GRANT USAGE ON SCHEMA person to newuser;
adventureworks=# GRANT ALL ON all tables in schema person to newuser;

//data accessed in the newuser  for table manipulation
adventureworks=> select * from person.person;
adventureworks=> INSERT INTO PERSON.emailaddress (businessentityid, emailaddress) values (123123, 'dhanush@gmail.com');

//table level privileges
adventureworks=# GRANT select, insert, update, delete, truncate , trigger on humanresources.employee to newuser;

// DCL command for revoke access
adventureworks=# REVOKE ALL ON SCHEMA person FROM postgres;

//TCL commands
//initial view of table users
adventureworks=# select * from users;

//begin transaction to start working on the TCL 
adventureworks=# begin transaction;
adventureworks=*# update users set businessentityid = 3 where user_id = 2;

//using of rollback to remove the change that had done on update
adventureworks=*# update users set businessentityid = 3 where user_id = 2;
adventureworks=*# rollback;

// permanently save the chages using commit
adventureworks=*# update users set businessentityid = 11 where user_id = 5;
adventureworks=*# commit;

//Using savepoint to rollback to specific transaction
adventureworks=# begin;
adventureworks=*# insert into users values (8, 'gokul1' , 'gokulq@gmail.com' , '9877342321', 1, 35, now());
adventureworks=*# savepoint sp1;
adventureworks=*# insert into users values (8, 'gokul1' , 'gokulq@gmail.com' , '9877342321', 1, 35, now());
ERROR:  duplicate key value violates unique constraint "pk_user_id"
DETAIL:  Key (user_id)=(8) already exists.
adventureworks=!# rollback to sp1;
adventureworks=*# insert into users values (7, 'gokul' , 'gokul@gmail.com' , '9877342321', 1, 35, now());
adventureworks=*# savepoint sp2;	
adventureworks=*# commit;

